2026-07-03 22:20:21,895 | INFO | REQUEST | Symbol=BTCUSDT, Side=BUY, Type=MARKET, Qty=0.001, Price=None
2026-07-03 22:20:21,895 | ERROR | Unexpected Error: API Secret required for private endpoints
Traceback (most recent call last):
  File "C:\Users\sh85r\My Drive\OneDrive\Documents\trading_bot\bot\orders.py", line 24, in place_order
    response = self.client.futures_create_order(
        symbol=symbol,
    ...<2 lines>...
        quantity=quantity,
    )
  File "C:\Users\sh85r\AppData\Roaming\Python\Python314\site-packages\binance\client.py", line 7948, in futures_create_order
    return self._request_futures_api("post", "order", True, data=params)
           ~~~~~~~~~~~~~~~~~~~~~~~~~^^^^^^^^^^^^^^^^^^^^^^^^^^^^^^^^^^^^
  File "C:\Users\sh85r\AppData\Roaming\Python\Python314\site-packages\binance\client.py", line 148, in _request_futures_api
    return self._request(method, uri, signed, force_params, **kwargs)
           ~~~~~~~~~~~~~^^^^^^^^^^^^^^^^^^^^^^^^^^^^^^^^^^^^^^^^^^^^^
  File "C:\Users\sh85r\AppData\Roaming\Python\Python314\site-packages\binance\client.py", line 79, in _request
    kwargs = self._get_request_kwargs(method, signed, force_params, **kwargs)
  File "C:\Users\sh85r\AppData\Roaming\Python\Python314\site-packages\binance\base_client.py", line 524, in _get_request_kwargs
    kwargs["data"]["signature"] = self._generate_signature(kwargs["data"])
                                  ~~~~~~~~~~~~~~~~~~~~~~~~^^^^^^^^^^^^^^^^
  File "C:\Users\sh85r\AppData\Roaming\Python\Python314\site-packages\binance\base_client.py", line 401, in _generate_signature
    res = sig_func(query_string)
  File "C:\Users\sh85r\AppData\Roaming\Python\Python314\site-packages\binance\base_client.py", line 385, in _hmac_signature
    assert self.API_SECRET, "API Secret required for private endpoints"
           ^^^^^^^^^^^^^^^
AssertionError: API Secret required for private endpoints
2026-07-03 22:22:06,589 | INFO | REQUEST | Symbol=BTCUSDT, Side=BUY, Type=MARKET, Qty=0.001, Price=None
2026-07-03 22:22:06,589 | ERROR | Unexpected Error: API Secret required for private endpoints
Traceback (most recent call last):
  File "C:\Users\sh85r\My Drive\OneDrive\Documents\trading_bot\bot\orders.py", line 24, in place_order
    response = self.client.futures_create_order(
        symbol=symbol,
    ...<2 lines>...
        quantity=quantity,
    )
  File "C:\Users\sh85r\AppData\Roaming\Python\Python314\site-packages\binance\client.py", line 7948, in futures_create_order
    return self._request_futures_api("post", "order", True, data=params)
           ~~~~~~~~~~~~~~~~~~~~~~~~~^^^^^^^^^^^^^^^^^^^^^^^^^^^^^^^^^^^^
  File "C:\Users\sh85r\AppData\Roaming\Python\Python314\site-packages\binance\client.py", line 148, in _request_futures_api
    return self._request(method, uri, signed, force_params, **kwargs)
           ~~~~~~~~~~~~~^^^^^^^^^^^^^^^^^^^^^^^^^^^^^^^^^^^^^^^^^^^^^
  File "C:\Users\sh85r\AppData\Roaming\Python\Python314\site-packages\binance\client.py", line 79, in _request
    kwargs = self._get_request_kwargs(method, signed, force_params, **kwargs)
  File "C:\Users\sh85r\AppData\Roaming\Python\Python314\site-packages\binance\base_client.py", line 524, in _get_request_kwargs
    kwargs["data"]["signature"] = self._generate_signature(kwargs["data"])
                                  ~~~~~~~~~~~~~~~~~~~~~~~~^^^^^^^^^^^^^^^^
  File "C:\Users\sh85r\AppData\Roaming\Python\Python314\site-packages\binance\base_client.py", line 401, in _generate_signature
    res = sig_func(query_string)
  File "C:\Users\sh85r\AppData\Roaming\Python\Python314\site-packages\binance\base_client.py", line 385, in _hmac_signature
    assert self.API_SECRET, "API Secret required for private endpoints"
           ^^^^^^^^^^^^^^^
AssertionError: API Secret required for private endpoints
2026-07-03 22:38:27,018 | INFO | REQUEST | Symbol=BTCUSDT, Side=BUY, Type=MARKET, Qty=0.001, Price=None
2026-07-03 22:38:28,780 | ERROR | Binance API Error: APIError(code=-2014): API-key format invalid.
2026-07-03 22:54:03,907 | INFO | REQUEST | Symbol=BTCUSDT, Side=BUY, Type=MARKET, Qty=0.001, Price=None
2026-07-03 22:54:04,521 | ERROR | Binance API Error: APIError(code=-2015): Invalid API-key, IP, or permissions for action
2026-07-03 23:04:50,700 | INFO | REQUEST | Symbol=BTCUSDT, Side=BUY, Type=MARKET, Qty=0.001, Price=None
2026-07-03 23:04:51,398 | INFO | RESPONSE | {'orderId': 18767014485, 'symbol': 'BTCUSDT', 'status': 'NEW', 'clientOrderId': 'x-Cb7ytekJ54fa719c6fbeefea968495', 'price': '0.00', 'origQty': '0.0010', 'executedQty': '0.0000', 'cumQty': '0.0000', 'timeInForce': 'GTC', 'type': 'MARKET', 'reduceOnly': False, 'closePosition': False, 'side': 'BUY', 'positionSide': 'BOTH', 'stopPrice': '0.00', 'workingType': 'CONTRACT_PRICE', 'priceProtect': False, 'origType': 'MARKET', 'priceMatch': 'NONE', 'selfTradePreventionMode': 'EXPIRE_MAKER', 'goodTillDate': 0, 'updateTime': 1783100091422}
2026-07-03 23:05:03,322 | INFO | REQUEST | Symbol=BTCUSDT, Side=BUY, Type=LIMIT, Qty=0.001, Price=50000.0
2026-07-03 23:05:03,906 | INFO | RESPONSE | {'orderId': 18767056713, 'symbol': 'BTCUSDT', 'status': 'NEW', 'clientOrderId': 'x-Cb7ytekJ93f80ac64460def279331a', 'price': '50000.00', 'origQty': '0.0010', 'executedQty': '0.0000', 'cumQty': '0.0000', 'timeInForce': 'GTC', 'type': 'LIMIT', 'reduceOnly': False, 'closePosition': False, 'side': 'BUY', 'positionSide': 'BOTH', 'stopPrice': '0.00', 'workingType': 'CONTRACT_PRICE', 'priceProtect': False, 'origType': 'LIMIT', 'priceMatch': 'NONE', 'selfTradePreventionMode': 'EXPIRE_MAKER', 'goodTillDate': 0, 'updateTime': 1783100103936}
2026-07-03 23:11:42,489 | INFO | REQUEST | Symbol=BTCUSDT, Side=BUY, Type=MARKET, Qty=0.001, Price=None
2026-07-03 23:11:43,372 | INFO | RESPONSE | {'orderId': 18768201374, 'symbol': 'BTCUSDT', 'status': 'NEW', 'clientOrderId': 'x-Cb7ytekJ687ed08f586ff86c58cab5', 'price': '0.00', 'origQty': '0.0010', 'executedQty': '0.0000', 'cumQty': '0.0000', 'timeInForce': 'GTC', 'type': 'MARKET', 'reduceOnly': False, 'closePosition': False, 'side': 'BUY', 'positionSide': 'BOTH', 'stopPrice': '0.00', 'workingType': 'CONTRACT_PRICE', 'priceProtect': False, 'origType': 'MARKET', 'priceMatch': 'NONE', 'selfTradePreventionMode': 'EXPIRE_MAKER', 'goodTillDate': 0, 'updateTime': 1783100503403}
2026-07-03 23:11:47,461 | INFO | REQUEST | Symbol=BTCUSDT, Side=BUY, Type=LIMIT, Qty=0.001, Price=50000.0
2026-07-03 23:11:48,992 | INFO | RESPONSE | {'orderId': 18768214437, 'symbol': 'BTCUSDT', 'status': 'NEW', 'clientOrderId': 'x-Cb7ytekJ1b97a8ad271f82bb79235', 'price': '50000.00', 'origQty': '0.0010', 'executedQty': '0.0000', 'cumQty': '0.0000', 'timeInForce': 'GTC', 'type': 'LIMIT', 'reduceOnly': False, 'closePosition': False, 'side': 'BUY', 'positionSide': 'BOTH', 'stopPrice': '0.00', 'workingType': 'CONTRACT_PRICE', 'priceProtect': False, 'origType': 'LIMIT', 'priceMatch': 'NONE', 'selfTradePreventionMode': 'EXPIRE_MAKER', 'goodTillDate': 0, 'updateTime': 1783100509026}
